// Jest Snapshot v1, https://goo.gl/fbAQLP

exports[`Bar Chart component Bar Chart component snapshot 1`] = `
<div>
  <canvas
    height="150"
    role="img"
    width="300"
  />
</div>
`;
